
> @calculator/web@0.1.0 test /Users/thiago/Projects/challenge/calculator/apps/web
> vitest src/features/calculator/CalculatorUI.test.tsx


 DEV  v3.2.4 /Users/thiago/Projects/challenge/calculator/apps/web

 ❯ src/features/calculator/CalculatorUI.test.tsx (11 tests | 3 failed) 8023ms
   ✓ Calculator UI > renders exactly the accepted keypad keys without a CE button 191ms
   × Calculator UI > supports one behavioral test for each key type via mouse 3359ms
     → expect(element).toHaveTextContent()

Expected element to have text content:
  2.73205080756888
Received:
  1

Ignored nodes: comments, script, style
[36m<html[39m
  [33mdata-lang[39m=[32m"en-US"[39m
  [33mlang[39m=[32m"en-US"[39m
[36m>[39m
  [36m<head />[39m
  [36m<body>[39m
    [36m<div>[39m
      [36m<button>[39m
        [0mto-en-US[0m
      [36m</button>[39m
      [36m<button>[39m
        [0mto-pt-BR[0m
      [36m</button>[39m
      [36m<div[39m
        [33maria-label[39m=[32m"Calculator"[39m
        [33mclass[39m=[32m"sc-bRKDuR fPIXDt"[39m
        [33mrole[39m=[32m"region"[39m
        [33mtabindex[39m=[32m"0"[39m
      [36m>[39m
        [36m<div[39m
          [33mclass[39m=[32m"sc-hvigdm iafSNA"[39m
        [36m>[39m
          [36m<div[39m
            [33maria-hidden[39m=[32m"true"[39m
            [33mclass[39m=[32m"sc-fhHczv VraXY"[39m
          [36m/>[39m
          [36m<div[39m
            [33maria-label[39m=[32m"Calculator display"[39m
            [33maria-live[39m=[32m"polite"[39m
            [33mclass[39m=[32m"sc-ggWZvA dBpxXI"[39m
            [33mrole[39m=[32m"status"[39m
            [33mtitle[39m=[32m"1"[39m
          [36m>[39m
            [0m1[0m
          [36m</div>[39m
        [36m</div>[39m
        [36m<div[39m
          [33mclass[39m=[32m"sc-jwTyAe kpCVGy"[39m
        [36m>[39m
          [36m<div[39m
            [33mclass[39m=[32m"sc-hwkwBN fcrTMg"[39m
          [36m>[39m
            [36m<div[39m
              [33maria-live[39m=[32m"assertive"[39m
              [33mclass[39m=[32m"sc-hjsuWn a-drrE"[39m
              [33mrole[39m=[32m"alert"[39m
            [36m>[39m
              [0mNetwork error. Please check your connection.[0m
            [36m</div>[39m
            [36m<button[39m
              [33mclass[39m=[32m"sc-dYwGCk bSKmrE sc-lgpSej effiSv"[39m
              [33mtype[39m=[32m"button"[39m
            [36m>[39m
              [36m<span[39m
                [33mclass[39m=[32m"sc-kNOymR VqXTT"[39m
              [36m>[39m
                [0mRetry[0m
              [36m</span>[39m
            [36m</button>[39m
          [36m</div>[39m
        [36m</div>[39m
        [36m<div[39m
          [33mclass[39m=[32m"sc-dTvVRJ eBKSSD"[39m
        [36m>[39m
          [36m<button[39m
            [33maria-label[39m=[32m"Clear"[39m
            [33mclass[39m=[32m"sc-dYwGCk bSKmrE sc-lgpSej fTQKFT"[39m
            [33mtype[39m=[32m"button"[39m
          [36m>[39m
            [36m<span[39m
              [33mclass[39m=[32m"sc-kNOymR bGltGP"[39m
            [36m>[39m
              [0mC[0m
            [36m</span>[39m
          [36m</button>[39m
          [36m<button[39m
            [33maria-label[39m=[32m"Toggle sign"[39m
            [33mclass[39m=[32m"sc-dYwGCk bSKmrE sc-lgpSej fTQKFT"[39m
            [33mtype[39m=[32m"button"[39m
          [36m>[39m
            [36m<span[39m
              [33mclass[39m=[32m"sc-kNOymR bGltGP"[39m
            [36m>[39m
              [0m±[0m
            [36m</span>[39m
          [36m</button>[39m
          [36m<button[39m
            [33maria-label[39m=[32m"Percentage"[39m
            [33mclass[39m=[32m"sc-dYwGCk bSKmrE sc-lgpSej fTQKFT"[39m
            [33mtype[39m=[32m"button"[39m
          [36m>[39m
            [36m<span[39m
              [33mclass[39m=[32m"sc-kNOymR bGltGP"[39m
            [36m>[39m
              [0m%[0m
            [36m</span>[39m
          [36m</button>[39m
          [36m<button[39m
            [33maria-label[39m=[32m"Divide"[39m
            [33mclass[39m=[32m"sc-dYwGCk bSKmrE sc-lgpSej dzJXSj"[39m
            [33mtype[39m=[32m"button"[39m
          [36m>[39m
            [36m<span[39m
              [33mclass[39m=[32m"sc-kNOymR bGltGP"[39m
            [36m>[39m
              [0m÷[0m
            [36m</span>[39m
          [36m</button>[39m
          [36m<button[39m
            [33mclass[39m=[32m"sc-dYwGCk bSKmrE sc-lgpSej dzJXSj"[39m
            [33mtype[39m=[32m"button"[39m
          [36m>[39m
            [36m<span[39m
              [33mclass[39m=[32m"sc-kNOymR bGltGP"[39m
            [36m>[39m
              [0m7[0m
            [36m</span>[39m
          [36m</button>[39m
          [36m<button[39m
            [33mclass[39m=[32m"sc-dYwGCk bSKmrE sc-lgpSej dzJXSj"[39m
            [33mtype[39m=[32m"button"[39m
          [36m>[39m
            [36m<span[39m
              [33mclass[39m=[32m"sc-kNOymR bGltGP"[39m
            [36m>[39m
              [0m8[0m
            [36m</span>[39m
          [36m</button>[39m
          [36m<button[39m
            [33mclass[39m=[32m"sc-dYwGCk bSKmrE sc-lgpSej dzJXSj"[39m
            [33mtype[39m=[32m"button"[39m
          [36m>[39m
            [36m<span[39m
              [33mclass[39m=[32m"sc-kNOymR bGltGP"[39m
            [36m>[39m
              [0m9[0m
            [36m</span>[39m
          [36m</button>[39m
          [36m<button[39m
            [33maria-label[39m=[32m"Multiply"[39m
            [33mclass[39m=[32m"sc-dYwGCk bSKmrE sc-lgpSej dzJXSj"[39m
            [33mtype[39m=[32m"button"[39m
          [36m>[39m
            [36m<span[39m
              [33mclass[39m=[32m"sc-kNOymR bGltGP"[39m
            [36m>[39m
              [0m×[0m
            [36m</span>[39m
          [36m</button>[39m
          [36m<button[39m
            [33mclass[39m=[32m"sc-dYwGCk bSKmrE sc-lgpSej dzJXSj"[39m
            [33mtype[39m=[32m"button"[39m
          [36m>[39m
            [36m<span[39m
              [33mclass[39m=[32m"sc-kNOymR bGltGP"[39m
            [36m>[39m
              [0m4[0m
            [36m</span>[39m
          [36m</button>[39m
          [36m<button[39m
            [33mclass[39m=[32m"sc-dYwGCk bSKmrE sc-lgpSej dzJXSj"[39m
            [33mtype[39m=[32m"button"[39m
          [36m>[39m
            [36m<span[39m
              [33mclass[39m=[32m"sc-kNOymR bGltGP"[39m
            [36m>[39m
              [0m5[0m
            [36m</span>[39m
          [36m</button>[39m
          [36m<button[39m
            [33mclass[39m=[32m"sc-dYwGCk bSKmrE sc-lgpSej dzJXSj"[39m
            [33mtype[39m=[32m"button"[39m
          [36m>[39m
            [36m<span[39m
              [33mclass[39m=[32m"sc-kNOymR bGltGP"[39m
            [36m>[39m
              [0m6[0m
            [36m</span>[39m
          [36m</button>[39m
          [36m<button[39m
            [33maria-label[39m=[32m"Subtract"[39m
            [33mclass[39m=[32m"sc-dYwGCk bSKmrE sc-lgpSej dzJXSj"[39m
            [33mtype[39m=[32m"button"[39m
          [36m>[39m
            [36m<span[39m
              [33mclass[39m=[32m"sc-kNOymR bGltGP"[39m
            [36m>[39m
              [0m−[0m
            [36m</span>[39m
          [36m</button>[39m
          [36m<button[39m
            [33mclass[39m=[32m"sc-dYwGCk...
   ✓ Calculator UI > attaches keyboard handling to root and supports required mappings 110ms
   ✓ Calculator UI > handles locale-aware decimal separator for en-US and pt-BR 66ms
   ✓ Calculator UI > shows previous result and pending state during submission 34ms
   × Calculator UI > handles retryable errors with a Retry button 2049ms
     → expect(element).toHaveTextContent()

Expected element to have text content:
  2
Received:
  1

Ignored nodes: comments, script, style
[36m<html[39m
  [33mdata-lang[39m=[32m"en-US"[39m
  [33mlang[39m=[32m"en-US"[39m
[36m>[39m
  [36m<head />[39m
  [36m<body>[39m
    [36m<div>[39m
      [36m<button>[39m
        [0mto-en-US[0m
      [36m</button>[39m
      [36m<button>[39m
        [0mto-pt-BR[0m
      [36m</button>[39m
      [36m<div[39m
        [33maria-label[39m=[32m"Calculator"[39m
        [33mclass[39m=[32m"sc-bRKDuR fPIXDt"[39m
        [33mrole[39m=[32m"region"[39m
        [33mtabindex[39m=[32m"0"[39m
      [36m>[39m
        [36m<div[39m
          [33mclass[39m=[32m"sc-hvigdm iafSNA"[39m
        [36m>[39m
          [36m<div[39m
            [33maria-hidden[39m=[32m"true"[39m
            [33mclass[39m=[32m"sc-fhHczv VraXY"[39m
          [36m/>[39m
          [36m<div[39m
            [33maria-label[39m=[32m"Calculator display"[39m
            [33maria-live[39m=[32m"polite"[39m
            [33mclass[39m=[32m"sc-ggWZvA dBpxXI"[39m
            [33mrole[39m=[32m"status"[39m
            [33mtitle[39m=[32m"1"[39m
          [36m>[39m
            [0m1[0m
          [36m</div>[39m
        [36m</div>[39m
        [36m<div[39m
          [33mclass[39m=[32m"sc-jwTyAe kpCVGy"[39m
        [36m>[39m
          [36m<div[39m
            [33mclass[39m=[32m"sc-hwkwBN fcrTMg"[39m
          [36m>[39m
            [36m<div[39m
              [33maria-live[39m=[32m"assertive"[39m
              [33mclass[39m=[32m"sc-hjsuWn a-drrE"[39m
              [33mrole[39m=[32m"alert"[39m
            [36m>[39m
              [0mNetwork error. Please check your connection.[0m
            [36m</div>[39m
            [36m<button[39m
              [33mclass[39m=[32m"sc-dYwGCk bSKmrE sc-lgpSej effiSv"[39m
              [33mtype[39m=[32m"button"[39m
            [36m>[39m
              [36m<span[39m
                [33mclass[39m=[32m"sc-kNOymR VqXTT"[39m
              [36m>[39m
                [0mRetry[0m
              [36m</span>[39m
            [36m</button>[39m
          [36m</div>[39m
        [36m</div>[39m
        [36m<div[39m
          [33mclass[39m=[32m"sc-dTvVRJ eBKSSD"[39m
        [36m>[39m
          [36m<button[39m
            [33maria-label[39m=[32m"Clear"[39m
            [33mclass[39m=[32m"sc-dYwGCk bSKmrE sc-lgpSej fTQKFT"[39m
            [33mtype[39m=[32m"button"[39m
          [36m>[39m
            [36m<span[39m
              [33mclass[39m=[32m"sc-kNOymR bGltGP"[39m
            [36m>[39m
              [0mC[0m
            [36m</span>[39m
          [36m</button>[39m
          [36m<button[39m
            [33maria-label[39m=[32m"Toggle sign"[39m
            [33mclass[39m=[32m"sc-dYwGCk bSKmrE sc-lgpSej fTQKFT"[39m
            [33mtype[39m=[32m"button"[39m
          [36m>[39m
            [36m<span[39m
              [33mclass[39m=[32m"sc-kNOymR bGltGP"[39m
            [36m>[39m
              [0m±[0m
            [36m</span>[39m
          [36m</button>[39m
          [36m<button[39m
            [33maria-label[39m=[32m"Percentage"[39m
            [33mclass[39m=[32m"sc-dYwGCk bSKmrE sc-lgpSej fTQKFT"[39m
            [33mtype[39m=[32m"button"[39m
          [36m>[39m
            [36m<span[39m
              [33mclass[39m=[32m"sc-kNOymR bGltGP"[39m
            [36m>[39m
              [0m%[0m
            [36m</span>[39m
          [36m</button>[39m
          [36m<button[39m
            [33maria-label[39m=[32m"Divide"[39m
            [33mclass[39m=[32m"sc-dYwGCk bSKmrE sc-lgpSej dzJXSj"[39m
            [33mtype[39m=[32m"button"[39m
          [36m>[39m
            [36m<span[39m
              [33mclass[39m=[32m"sc-kNOymR bGltGP"[39m
            [36m>[39m
              [0m÷[0m
            [36m</span>[39m
          [36m</button>[39m
          [36m<button[39m
            [33mclass[39m=[32m"sc-dYwGCk bSKmrE sc-lgpSej dzJXSj"[39m
            [33mtype[39m=[32m"button"[39m
          [36m>[39m
            [36m<span[39m
              [33mclass[39m=[32m"sc-kNOymR bGltGP"[39m
            [36m>[39m
              [0m7[0m
            [36m</span>[39m
          [36m</button>[39m
          [36m<button[39m
            [33mclass[39m=[32m"sc-dYwGCk bSKmrE sc-lgpSej dzJXSj"[39m
            [33mtype[39m=[32m"button"[39m
          [36m>[39m
            [36m<span[39m
              [33mclass[39m=[32m"sc-kNOymR bGltGP"[39m
            [36m>[39m
              [0m8[0m
            [36m</span>[39m
          [36m</button>[39m
          [36m<button[39m
            [33mclass[39m=[32m"sc-dYwGCk bSKmrE sc-lgpSej dzJXSj"[39m
            [33mtype[39m=[32m"button"[39m
          [36m>[39m
            [36m<span[39m
              [33mclass[39m=[32m"sc-kNOymR bGltGP"[39m
            [36m>[39m
              [0m9[0m
            [36m</span>[39m
          [36m</button>[39m
          [36m<button[39m
            [33maria-label[39m=[32m"Multiply"[39m
            [33mclass[39m=[32m"sc-dYwGCk bSKmrE sc-lgpSej dzJXSj"[39m
            [33mtype[39m=[32m"button"[39m
          [36m>[39m
            [36m<span[39m
              [33mclass[39m=[32m"sc-kNOymR bGltGP"[39m
            [36m>[39m
              [0m×[0m
            [36m</span>[39m
          [36m</button>[39m
          [36m<button[39m
            [33mclass[39m=[32m"sc-dYwGCk bSKmrE sc-lgpSej dzJXSj"[39m
            [33mtype[39m=[32m"button"[39m
          [36m>[39m
            [36m<span[39m
              [33mclass[39m=[32m"sc-kNOymR bGltGP"[39m
            [36m>[39m
              [0m4[0m
            [36m</span>[39m
          [36m</button>[39m
          [36m<button[39m
            [33mclass[39m=[32m"sc-dYwGCk bSKmrE sc-lgpSej dzJXSj"[39m
            [33mtype[39m=[32m"button"[39m
          [36m>[39m
            [36m<span[39m
              [33mclass[39m=[32m"sc-kNOymR bGltGP"[39m
            [36m>[39m
              [0m5[0m
            [36m</span>[39m
          [36m</button>[39m
          [36m<button[39m
            [33mclass[39m=[32m"sc-dYwGCk bSKmrE sc-lgpSej dzJXSj"[39m
            [33mtype[39m=[32m"button"[39m
          [36m>[39m
            [36m<span[39m
              [33mclass[39m=[32m"sc-kNOymR bGltGP"[39m
            [36m>[39m
              [0m6[0m
            [36m</span>[39m
          [36m</button>[39m
          [36m<button[39m
            [33maria-label[39m=[32m"Subtract"[39m
            [33mclass[39m=[32m"sc-dYwGCk bSKmrE sc-lgpSej dzJXSj"[39m
            [33mtype[39m=[32m"button"[39m
          [36m>[39m
            [36m<span[39m
              [33mclass[39m=[32m"sc-kNOymR bGltGP"[39m
            [36m>[39m
              [0m−[0m
            [36m</span>[39m
          [36m</button>[39m
          [36m<button[39m
            [33mclass[39m=[32m"sc-dYwGCk...
   ✓ Calculator UI > handles domain errors without a Retry button 61ms
   ✓ Calculator UI > enforces exhaustive i18n key parity for calculator namespace 0ms
   ✓ Calculator UI > truncates long values and provides them via title/aria-label 79ms
   ✓ Calculator UI > prevents rapid repeated equals activation bypassing the guard 36ms
   × Calculator UI > performs retry via keyboard only when canRetry 2036ms
     → expect(element).toHaveTextContent()

Expected element to have text content:
  2
Received:
  1

Ignored nodes: comments, script, style
[36m<html[39m
  [33mdata-lang[39m=[32m"en-US"[39m
  [33mlang[39m=[32m"en-US"[39m
[36m>[39m
  [36m<head />[39m
  [36m<body>[39m
    [36m<div>[39m
      [36m<button>[39m
        [0mto-en-US[0m
      [36m</button>[39m
      [36m<button>[39m
        [0mto-pt-BR[0m
      [36m</button>[39m
      [36m<div[39m
        [33maria-label[39m=[32m"Calculator"[39m
        [33mclass[39m=[32m"sc-bRKDuR fPIXDt"[39m
        [33mrole[39m=[32m"region"[39m
        [33mtabindex[39m=[32m"0"[39m
      [36m>[39m
        [36m<div[39m
          [33mclass[39m=[32m"sc-hvigdm iafSNA"[39m
        [36m>[39m
          [36m<div[39m
            [33maria-hidden[39m=[32m"true"[39m
            [33mclass[39m=[32m"sc-fhHczv VraXY"[39m
          [36m/>[39m
          [36m<div[39m
            [33maria-label[39m=[32m"Calculator display"[39m
            [33maria-live[39m=[32m"polite"[39m
            [33mclass[39m=[32m"sc-ggWZvA dBpxXI"[39m
            [33mrole[39m=[32m"status"[39m
            [33mtitle[39m=[32m"1"[39m
          [36m>[39m
            [0m1[0m
          [36m</div>[39m
        [36m</div>[39m
        [36m<div[39m
          [33mclass[39m=[32m"sc-jwTyAe kpCVGy"[39m
        [36m>[39m
          [36m<div[39m
            [33mclass[39m=[32m"sc-hwkwBN fcrTMg"[39m
          [36m>[39m
            [36m<div[39m
              [33maria-live[39m=[32m"assertive"[39m
              [33mclass[39m=[32m"sc-hjsuWn a-drrE"[39m
              [33mrole[39m=[32m"alert"[39m
            [36m>[39m
              [0mNetwork error. Please check your connection.[0m
            [36m</div>[39m
            [36m<button[39m
              [33mclass[39m=[32m"sc-dYwGCk bSKmrE sc-lgpSej effiSv"[39m
              [33mtype[39m=[32m"button"[39m
            [36m>[39m
              [36m<span[39m
                [33mclass[39m=[32m"sc-kNOymR VqXTT"[39m
              [36m>[39m
                [0mRetry[0m
              [36m</span>[39m
            [36m</button>[39m
          [36m</div>[39m
        [36m</div>[39m
        [36m<div[39m
          [33mclass[39m=[32m"sc-dTvVRJ eBKSSD"[39m
        [36m>[39m
          [36m<button[39m
            [33maria-label[39m=[32m"Clear"[39m
            [33mclass[39m=[32m"sc-dYwGCk bSKmrE sc-lgpSej fTQKFT"[39m
            [33mtype[39m=[32m"button"[39m
          [36m>[39m
            [36m<span[39m
              [33mclass[39m=[32m"sc-kNOymR bGltGP"[39m
            [36m>[39m
              [0mC[0m
            [36m</span>[39m
          [36m</button>[39m
          [36m<button[39m
            [33maria-label[39m=[32m"Toggle sign"[39m
            [33mclass[39m=[32m"sc-dYwGCk bSKmrE sc-lgpSej fTQKFT"[39m
            [33mtype[39m=[32m"button"[39m
          [36m>[39m
            [36m<span[39m
              [33mclass[39m=[32m"sc-kNOymR bGltGP"[39m
            [36m>[39m
              [0m±[0m
            [36m</span>[39m
          [36m</button>[39m
          [36m<button[39m
            [33maria-label[39m=[32m"Percentage"[39m
            [33mclass[39m=[32m"sc-dYwGCk bSKmrE sc-lgpSej fTQKFT"[39m
            [33mtype[39m=[32m"button"[39m
          [36m>[39m
            [36m<span[39m
              [33mclass[39m=[32m"sc-kNOymR bGltGP"[39m
            [36m>[39m
              [0m%[0m
            [36m</span>[39m
          [36m</button>[39m
          [36m<button[39m
            [33maria-label[39m=[32m"Divide"[39m
            [33mclass[39m=[32m"sc-dYwGCk bSKmrE sc-lgpSej dzJXSj"[39m
            [33mtype[39m=[32m"button"[39m
          [36m>[39m
            [36m<span[39m
              [33mclass[39m=[32m"sc-kNOymR bGltGP"[39m
            [36m>[39m
              [0m÷[0m
            [36m</span>[39m
          [36m</button>[39m
          [36m<button[39m
            [33mclass[39m=[32m"sc-dYwGCk bSKmrE sc-lgpSej dzJXSj"[39m
            [33mtype[39m=[32m"button"[39m
          [36m>[39m
            [36m<span[39m
              [33mclass[39m=[32m"sc-kNOymR bGltGP"[39m
            [36m>[39m
              [0m7[0m
            [36m</span>[39m
          [36m</button>[39m
          [36m<button[39m
            [33mclass[39m=[32m"sc-dYwGCk bSKmrE sc-lgpSej dzJXSj"[39m
            [33mtype[39m=[32m"button"[39m
          [36m>[39m
            [36m<span[39m
              [33mclass[39m=[32m"sc-kNOymR bGltGP"[39m
            [36m>[39m
              [0m8[0m
            [36m</span>[39m
          [36m</button>[39m
          [36m<button[39m
            [33mclass[39m=[32m"sc-dYwGCk bSKmrE sc-lgpSej dzJXSj"[39m
            [33mtype[39m=[32m"button"[39m
          [36m>[39m
            [36m<span[39m
              [33mclass[39m=[32m"sc-kNOymR bGltGP"[39m
            [36m>[39m
              [0m9[0m
            [36m</span>[39m
          [36m</button>[39m
          [36m<button[39m
            [33maria-label[39m=[32m"Multiply"[39m
            [33mclass[39m=[32m"sc-dYwGCk bSKmrE sc-lgpSej dzJXSj"[39m
            [33mtype[39m=[32m"button"[39m
          [36m>[39m
            [36m<span[39m
              [33mclass[39m=[32m"sc-kNOymR bGltGP"[39m
            [36m>[39m
              [0m×[0m
            [36m</span>[39m
          [36m</button>[39m
          [36m<button[39m
            [33mclass[39m=[32m"sc-dYwGCk bSKmrE sc-lgpSej dzJXSj"[39m
            [33mtype[39m=[32m"button"[39m
          [36m>[39m
            [36m<span[39m
              [33mclass[39m=[32m"sc-kNOymR bGltGP"[39m
            [36m>[39m
              [0m4[0m
            [36m</span>[39m
          [36m</button>[39m
          [36m<button[39m
            [33mclass[39m=[32m"sc-dYwGCk bSKmrE sc-lgpSej dzJXSj"[39m
            [33mtype[39m=[32m"button"[39m
          [36m>[39m
            [36m<span[39m
              [33mclass[39m=[32m"sc-kNOymR bGltGP"[39m
            [36m>[39m
              [0m5[0m
            [36m</span>[39m
          [36m</button>[39m
          [36m<button[39m
            [33mclass[39m=[32m"sc-dYwGCk bSKmrE sc-lgpSej dzJXSj"[39m
            [33mtype[39m=[32m"button"[39m
          [36m>[39m
            [36m<span[39m
              [33mclass[39m=[32m"sc-kNOymR bGltGP"[39m
            [36m>[39m
              [0m6[0m
            [36m</span>[39m
          [36m</button>[39m
          [36m<button[39m
            [33maria-label[39m=[32m"Subtract"[39m
            [33mclass[39m=[32m"sc-dYwGCk bSKmrE sc-lgpSej dzJXSj"[39m
            [33mtype[39m=[32m"button"[39m
          [36m>[39m
            [36m<span[39m
              [33mclass[39m=[32m"sc-kNOymR bGltGP"[39m
            [36m>[39m
              [0m−[0m
            [36m</span>[39m
          [36m</button>[39m
          [36m<button[39m
            [33mclass[39m=[32m"sc-dYwGCk...

⎯⎯⎯⎯⎯⎯⎯ Failed Tests 3 ⎯⎯⎯⎯⎯⎯⎯

 FAIL  src/features/calculator/CalculatorUI.test.tsx > Calculator UI > supports one behavioral test for each key type via mouse
Error: expect(element).toHaveTextContent()

Expected element to have text content:
  2.73205080756888
Received:
  1

Ignored nodes: comments, script, style
[36m<html[39m
  [33mdata-lang[39m=[32m"en-US"[39m
  [33mlang[39m=[32m"en-US"[39m
[36m>[39m
  [36m<head />[39m
  [36m<body>[39m
    [36m<div>[39m
      [36m<button>[39m
        [0mto-en-US[0m
      [36m</button>[39m
      [36m<button>[39m
        [0mto-pt-BR[0m
      [36m</button>[39m
      [36m<div[39m
        [33maria-label[39m=[32m"Calculator"[39m
        [33mclass[39m=[32m"sc-bRKDuR fPIXDt"[39m
        [33mrole[39m=[32m"region"[39m
        [33mtabindex[39m=[32m"0"[39m
      [36m>[39m
        [36m<div[39m
          [33mclass[39m=[32m"sc-hvigdm iafSNA"[39m
        [36m>[39m
          [36m<div[39m
            [33maria-hidden[39m=[32m"true"[39m
            [33mclass[39m=[32m"sc-fhHczv VraXY"[39m
          [36m/>[39m
          [36m<div[39m
            [33maria-label[39m=[32m"Calculator display"[39m
            [33maria-live[39m=[32m"polite"[39m
            [33mclass[39m=[32m"sc-ggWZvA dBpxXI"[39m
            [33mrole[39m=[32m"status"[39m
            [33mtitle[39m=[32m"1"[39m
          [36m>[39m
            [0m1[0m
          [36m</div>[39m
        [36m</div>[39m
        [36m<div[39m
          [33mclass[39m=[32m"sc-jwTyAe kpCVGy"[39m
        [36m>[39m
          [36m<div[39m
            [33mclass[39m=[32m"sc-hwkwBN fcrTMg"[39m
          [36m>[39m
            [36m<div[39m
              [33maria-live[39m=[32m"assertive"[39m
              [33mclass[39m=[32m"sc-hjsuWn a-drrE"[39m
              [33mrole[39m=[32m"alert"[39m
            [36m>[39m
              [0mNetwork error. Please check your connection.[0m
            [36m</div>[39m
            [36m<button[39m
              [33mclass[39m=[32m"sc-dYwGCk bSKmrE sc-lgpSej effiSv"[39m
              [33mtype[39m=[32m"button"[39m
            [36m>[39m
              [36m<span[39m
                [33mclass[39m=[32m"sc-kNOymR VqXTT"[39m
              [36m>[39m
                [0mRetry[0m
              [36m</span>[39m
            [36m</button>[39m
          [36m</div>[39m
        [36m</div>[39m
        [36m<div[39m
          [33mclass[39m=[32m"sc-dTvVRJ eBKSSD"[39m
        [36m>[39m
          [36m<button[39m
            [33maria-label[39m=[32m"Clear"[39m
            [33mclass[39m=[32m"sc-dYwGCk bSKmrE sc-lgpSej fTQKFT"[39m
            [33mtype[39m=[32m"button"[39m
          [36m>[39m
            [36m<span[39m
              [33mclass[39m=[32m"sc-kNOymR bGltGP"[39m
            [36m>[39m
              [0mC[0m
            [36m</span>[39m
          [36m</button>[39m
          [36m<button[39m
            [33maria-label[39m=[32m"Toggle sign"[39m
            [33mclass[39m=[32m"sc-dYwGCk bSKmrE sc-lgpSej fTQKFT"[39m
            [33mtype[39m=[32m"button"[39m
          [36m>[39m
            [36m<span[39m
              [33mclass[39m=[32m"sc-kNOymR bGltGP"[39m
            [36m>[39m
              [0m±[0m
            [36m</span>[39m
          [36m</button>[39m
          [36m<button[39m
            [33maria-label[39m=[32m"Percentage"[39m
            [33mclass[39m=[32m"sc-dYwGCk bSKmrE sc-lgpSej fTQKFT"[39m
            [33mtype[39m=[32m"button"[39m
          [36m>[39m
            [36m<span[39m
              [33mclass[39m=[32m"sc-kNOymR bGltGP"[39m
            [36m>[39m
              [0m%[0m
            [36m</span>[39m
          [36m</button>[39m
          [36m<button[39m
            [33maria-label[39m=[32m"Divide"[39m
            [33mclass[39m=[32m"sc-dYwGCk bSKmrE sc-lgpSej dzJXSj"[39m
            [33mtype[39m=[32m"button"[39m
          [36m>[39m
            [36m<span[39m
              [33mclass[39m=[32m"sc-kNOymR bGltGP"[39m
            [36m>[39m
              [0m÷[0m
            [36m</span>[39m
          [36m</button>[39m
          [36m<button[39m
            [33mclass[39m=[32m"sc-dYwGCk bSKmrE sc-lgpSej dzJXSj"[39m
            [33mtype[39m=[32m"button"[39m
          [36m>[39m
            [36m<span[39m
              [33mclass[39m=[32m"sc-kNOymR bGltGP"[39m
            [36m>[39m
              [0m7[0m
            [36m</span>[39m
          [36m</button>[39m
          [36m<button[39m
            [33mclass[39m=[32m"sc-dYwGCk bSKmrE sc-lgpSej dzJXSj"[39m
            [33mtype[39m=[32m"button"[39m
          [36m>[39m
            [36m<span[39m
              [33mclass[39m=[32m"sc-kNOymR bGltGP"[39m
            [36m>[39m
              [0m8[0m
            [36m</span>[39m
          [36m</button>[39m
          [36m<button[39m
            [33mclass[39m=[32m"sc-dYwGCk bSKmrE sc-lgpSej dzJXSj"[39m
            [33mtype[39m=[32m"button"[39m
          [36m>[39m
            [36m<span[39m
              [33mclass[39m=[32m"sc-kNOymR bGltGP"[39m
            [36m>[39m
              [0m9[0m
            [36m</span>[39m
          [36m</button>[39m
          [36m<button[39m
            [33maria-label[39m=[32m"Multiply"[39m
            [33mclass[39m=[32m"sc-dYwGCk bSKmrE sc-lgpSej dzJXSj"[39m
            [33mtype[39m=[32m"button"[39m
          [36m>[39m
            [36m<span[39m
              [33mclass[39m=[32m"sc-kNOymR bGltGP"[39m
            [36m>[39m
              [0m×[0m
            [36m</span>[39m
          [36m</button>[39m
          [36m<button[39m
            [33mclass[39m=[32m"sc-dYwGCk bSKmrE sc-lgpSej dzJXSj"[39m
            [33mtype[39m=[32m"button"[39m
          [36m>[39m
            [36m<span[39m
              [33mclass[39m=[32m"sc-kNOymR bGltGP"[39m
            [36m>[39m
              [0m4[0m
            [36m</span>[39m
          [36m</button>[39m
          [36m<button[39m
            [33mclass[39m=[32m"sc-dYwGCk bSKmrE sc-lgpSej dzJXSj"[39m
            [33mtype[39m=[32m"button"[39m
          [36m>[39m
            [36m<span[39m
              [33mclass[39m=[32m"sc-kNOymR bGltGP"[39m
            [36m>[39m
              [0m5[0m
            [36m</span>[39m
          [36m</button>[39m
          [36m<button[39m
            [33mclass[39m=[32m"sc-dYwGCk bSKmrE sc-lgpSej dzJXSj"[39m
            [33mtype[39m=[32m"button"[39m
          [36m>[39m
            [36m<span[39m
              [33mclass[39m=[32m"sc-kNOymR bGltGP"[39m
            [36m>[39m
              [0m6[0m
            [36m</span>[39m
          [36m</button>[39m
          [36m<button[39m
            [33maria-label[39m=[32m"Subtract"[39m
            [33mclass[39m=[32m"sc-dYwGCk bSKmrE sc-lgpSej dzJXSj"[39m
            [33mtype[39m=[32m"button"[39m
          [36m>[39m
            [36m<span[39m
              [33mclass[39m=[32m"sc-kNOymR bGltGP"[39m
            [36m>[39m
              [0m−[0m
            [36m</span>[39m
          [36m</button>[39m
          [36m<button[39m
            [33mclass[39m=[32m"sc-dYwGCk...
 ❯ __vi_import_1__.waitFor.timeout src/features/calculator/CalculatorUI.test.tsx:167:41
    165| 
    166|     expect(mockCalculate).toHaveBeenCalled();
    167|     await waitFor(() => expect(display).toHaveTextContent('2.732050807…
       |                                         ^
    168|       timeout: 3000,
    169|     });
 ❯ runWithExpensiveErrorDiagnosticsDisabled ../../node_modules/.pnpm/@testing-library+dom@10.4.1/node_modules/@testing-library/dom/dist/config.js:47:12
 ❯ checkCallback ../../node_modules/.pnpm/@testing-library+dom@10.4.1/node_modules/@testing-library/dom/dist/wait-for.js:124:77
 ❯ Timeout.checkRealTimersCallback ../../node_modules/.pnpm/@testing-library+dom@10.4.1/node_modules/@testing-library/dom/dist/wait-for.js:118:16

⎯⎯⎯⎯⎯⎯⎯⎯⎯⎯⎯⎯⎯⎯⎯⎯⎯⎯⎯⎯⎯⎯⎯⎯[1/3]⎯

 FAIL  src/features/calculator/CalculatorUI.test.tsx > Calculator UI > handles retryable errors with a Retry button
Error: expect(element).toHaveTextContent()

Expected element to have text content:
  2
Received:
  1

Ignored nodes: comments, script, style
[36m<html[39m
  [33mdata-lang[39m=[32m"en-US"[39m
  [33mlang[39m=[32m"en-US"[39m
[36m>[39m
  [36m<head />[39m
  [36m<body>[39m
    [36m<div>[39m
      [36m<button>[39m
        [0mto-en-US[0m
      [36m</button>[39m
      [36m<button>[39m
        [0mto-pt-BR[0m
      [36m</button>[39m
      [36m<div[39m
        [33maria-label[39m=[32m"Calculator"[39m
        [33mclass[39m=[32m"sc-bRKDuR fPIXDt"[39m
        [33mrole[39m=[32m"region"[39m
        [33mtabindex[39m=[32m"0"[39m
      [36m>[39m
        [36m<div[39m
          [33mclass[39m=[32m"sc-hvigdm iafSNA"[39m
        [36m>[39m
          [36m<div[39m
            [33maria-hidden[39m=[32m"true"[39m
            [33mclass[39m=[32m"sc-fhHczv VraXY"[39m
          [36m/>[39m
          [36m<div[39m
            [33maria-label[39m=[32m"Calculator display"[39m
            [33maria-live[39m=[32m"polite"[39m
            [33mclass[39m=[32m"sc-ggWZvA dBpxXI"[39m
            [33mrole[39m=[32m"status"[39m
            [33mtitle[39m=[32m"1"[39m
          [36m>[39m
            [0m1[0m
          [36m</div>[39m
        [36m</div>[39m
        [36m<div[39m
          [33mclass[39m=[32m"sc-jwTyAe kpCVGy"[39m
        [36m>[39m
          [36m<div[39m
            [33mclass[39m=[32m"sc-hwkwBN fcrTMg"[39m
          [36m>[39m
            [36m<div[39m
              [33maria-live[39m=[32m"assertive"[39m
              [33mclass[39m=[32m"sc-hjsuWn a-drrE"[39m
              [33mrole[39m=[32m"alert"[39m
            [36m>[39m
              [0mNetwork error. Please check your connection.[0m
            [36m</div>[39m
            [36m<button[39m
              [33mclass[39m=[32m"sc-dYwGCk bSKmrE sc-lgpSej effiSv"[39m
              [33mtype[39m=[32m"button"[39m
            [36m>[39m
              [36m<span[39m
                [33mclass[39m=[32m"sc-kNOymR VqXTT"[39m
              [36m>[39m
                [0mRetry[0m
              [36m</span>[39m
            [36m</button>[39m
          [36m</div>[39m
        [36m</div>[39m
        [36m<div[39m
          [33mclass[39m=[32m"sc-dTvVRJ eBKSSD"[39m
        [36m>[39m
          [36m<button[39m
            [33maria-label[39m=[32m"Clear"[39m
            [33mclass[39m=[32m"sc-dYwGCk bSKmrE sc-lgpSej fTQKFT"[39m
            [33mtype[39m=[32m"button"[39m
          [36m>[39m
            [36m<span[39m
              [33mclass[39m=[32m"sc-kNOymR bGltGP"[39m
            [36m>[39m
              [0mC[0m
            [36m</span>[39m
          [36m</button>[39m
          [36m<button[39m
            [33maria-label[39m=[32m"Toggle sign"[39m
            [33mclass[39m=[32m"sc-dYwGCk bSKmrE sc-lgpSej fTQKFT"[39m
            [33mtype[39m=[32m"button"[39m
          [36m>[39m
            [36m<span[39m
              [33mclass[39m=[32m"sc-kNOymR bGltGP"[39m
            [36m>[39m
              [0m±[0m
            [36m</span>[39m
          [36m</button>[39m
          [36m<button[39m
            [33maria-label[39m=[32m"Percentage"[39m
            [33mclass[39m=[32m"sc-dYwGCk bSKmrE sc-lgpSej fTQKFT"[39m
            [33mtype[39m=[32m"button"[39m
          [36m>[39m
            [36m<span[39m
              [33mclass[39m=[32m"sc-kNOymR bGltGP"[39m
            [36m>[39m
              [0m%[0m
            [36m</span>[39m
          [36m</button>[39m
          [36m<button[39m
            [33maria-label[39m=[32m"Divide"[39m
            [33mclass[39m=[32m"sc-dYwGCk bSKmrE sc-lgpSej dzJXSj"[39m
            [33mtype[39m=[32m"button"[39m
          [36m>[39m
            [36m<span[39m
              [33mclass[39m=[32m"sc-kNOymR bGltGP"[39m
            [36m>[39m
              [0m÷[0m
            [36m</span>[39m
          [36m</button>[39m
          [36m<button[39m
            [33mclass[39m=[32m"sc-dYwGCk bSKmrE sc-lgpSej dzJXSj"[39m
            [33mtype[39m=[32m"button"[39m
          [36m>[39m
            [36m<span[39m
              [33mclass[39m=[32m"sc-kNOymR bGltGP"[39m
            [36m>[39m
              [0m7[0m
            [36m</span>[39m
          [36m</button>[39m
          [36m<button[39m
            [33mclass[39m=[32m"sc-dYwGCk bSKmrE sc-lgpSej dzJXSj"[39m
            [33mtype[39m=[32m"button"[39m
          [36m>[39m
            [36m<span[39m
              [33mclass[39m=[32m"sc-kNOymR bGltGP"[39m
            [36m>[39m
              [0m8[0m
            [36m</span>[39m
          [36m</button>[39m
          [36m<button[39m
            [33mclass[39m=[32m"sc-dYwGCk bSKmrE sc-lgpSej dzJXSj"[39m
            [33mtype[39m=[32m"button"[39m
          [36m>[39m
            [36m<span[39m
              [33mclass[39m=[32m"sc-kNOymR bGltGP"[39m
            [36m>[39m
              [0m9[0m
            [36m</span>[39m
          [36m</button>[39m
          [36m<button[39m
            [33maria-label[39m=[32m"Multiply"[39m
            [33mclass[39m=[32m"sc-dYwGCk bSKmrE sc-lgpSej dzJXSj"[39m
            [33mtype[39m=[32m"button"[39m
          [36m>[39m
            [36m<span[39m
              [33mclass[39m=[32m"sc-kNOymR bGltGP"[39m
            [36m>[39m
              [0m×[0m
            [36m</span>[39m
          [36m</button>[39m
          [36m<button[39m
            [33mclass[39m=[32m"sc-dYwGCk bSKmrE sc-lgpSej dzJXSj"[39m
            [33mtype[39m=[32m"button"[39m
          [36m>[39m
            [36m<span[39m
              [33mclass[39m=[32m"sc-kNOymR bGltGP"[39m
            [36m>[39m
              [0m4[0m
            [36m</span>[39m
          [36m</button>[39m
          [36m<button[39m
            [33mclass[39m=[32m"sc-dYwGCk bSKmrE sc-lgpSej dzJXSj"[39m
            [33mtype[39m=[32m"button"[39m
          [36m>[39m
            [36m<span[39m
              [33mclass[39m=[32m"sc-kNOymR bGltGP"[39m
            [36m>[39m
              [0m5[0m
            [36m</span>[39m
          [36m</button>[39m
          [36m<button[39m
            [33mclass[39m=[32m"sc-dYwGCk bSKmrE sc-lgpSej dzJXSj"[39m
            [33mtype[39m=[32m"button"[39m
          [36m>[39m
            [36m<span[39m
              [33mclass[39m=[32m"sc-kNOymR bGltGP"[39m
            [36m>[39m
              [0m6[0m
            [36m</span>[39m
          [36m</button>[39m
          [36m<button[39m
            [33maria-label[39m=[32m"Subtract"[39m
            [33mclass[39m=[32m"sc-dYwGCk bSKmrE sc-lgpSej dzJXSj"[39m
            [33mtype[39m=[32m"button"[39m
          [36m>[39m
            [36m<span[39m
              [33mclass[39m=[32m"sc-kNOymR bGltGP"[39m
            [36m>[39m
              [0m−[0m
            [36m</span>[39m
          [36m</button>[39m
          [36m<button[39m
            [33mclass[39m=[32m"sc-dYwGCk...
 ❯ __vi_import_1__.waitFor.timeout src/features/calculator/CalculatorUI.test.tsx:280:30
    278|     await waitFor(
    279|       () => {
    280|         expect(getDisplay()).toHaveTextContent('2');
       |                              ^
    281|       },
    282|       { timeout: 2000 },
 ❯ runWithExpensiveErrorDiagnosticsDisabled ../../node_modules/.pnpm/@testing-library+dom@10.4.1/node_modules/@testing-library/dom/dist/config.js:47:12
 ❯ checkCallback ../../node_modules/.pnpm/@testing-library+dom@10.4.1/node_modules/@testing-library/dom/dist/wait-for.js:124:77
 ❯ Timeout.checkRealTimersCallback ../../node_modules/.pnpm/@testing-library+dom@10.4.1/node_modules/@testing-library/dom/dist/wait-for.js:118:16

⎯⎯⎯⎯⎯⎯⎯⎯⎯⎯⎯⎯⎯⎯⎯⎯⎯⎯⎯⎯⎯⎯⎯⎯[2/3]⎯

 FAIL  src/features/calculator/CalculatorUI.test.tsx > Calculator UI > performs retry via keyboard only when canRetry
Error: expect(element).toHaveTextContent()

Expected element to have text content:
  2
Received:
  1

Ignored nodes: comments, script, style
[36m<html[39m
  [33mdata-lang[39m=[32m"en-US"[39m
  [33mlang[39m=[32m"en-US"[39m
[36m>[39m
  [36m<head />[39m
  [36m<body>[39m
    [36m<div>[39m
      [36m<button>[39m
        [0mto-en-US[0m
      [36m</button>[39m
      [36m<button>[39m
        [0mto-pt-BR[0m
      [36m</button>[39m
      [36m<div[39m
        [33maria-label[39m=[32m"Calculator"[39m
        [33mclass[39m=[32m"sc-bRKDuR fPIXDt"[39m
        [33mrole[39m=[32m"region"[39m
        [33mtabindex[39m=[32m"0"[39m
      [36m>[39m
        [36m<div[39m
          [33mclass[39m=[32m"sc-hvigdm iafSNA"[39m
        [36m>[39m
          [36m<div[39m
            [33maria-hidden[39m=[32m"true"[39m
            [33mclass[39m=[32m"sc-fhHczv VraXY"[39m
          [36m/>[39m
          [36m<div[39m
            [33maria-label[39m=[32m"Calculator display"[39m
            [33maria-live[39m=[32m"polite"[39m
            [33mclass[39m=[32m"sc-ggWZvA dBpxXI"[39m
            [33mrole[39m=[32m"status"[39m
            [33mtitle[39m=[32m"1"[39m
          [36m>[39m
            [0m1[0m
          [36m</div>[39m
        [36m</div>[39m
        [36m<div[39m
          [33mclass[39m=[32m"sc-jwTyAe kpCVGy"[39m
        [36m>[39m
          [36m<div[39m
            [33mclass[39m=[32m"sc-hwkwBN fcrTMg"[39m
          [36m>[39m
            [36m<div[39m
              [33maria-live[39m=[32m"assertive"[39m
              [33mclass[39m=[32m"sc-hjsuWn a-drrE"[39m
              [33mrole[39m=[32m"alert"[39m
            [36m>[39m
              [0mNetwork error. Please check your connection.[0m
            [36m</div>[39m
            [36m<button[39m
              [33mclass[39m=[32m"sc-dYwGCk bSKmrE sc-lgpSej effiSv"[39m
              [33mtype[39m=[32m"button"[39m
            [36m>[39m
              [36m<span[39m
                [33mclass[39m=[32m"sc-kNOymR VqXTT"[39m
              [36m>[39m
                [0mRetry[0m
              [36m</span>[39m
            [36m</button>[39m
          [36m</div>[39m
        [36m</div>[39m
        [36m<div[39m
          [33mclass[39m=[32m"sc-dTvVRJ eBKSSD"[39m
        [36m>[39m
          [36m<button[39m
            [33maria-label[39m=[32m"Clear"[39m
            [33mclass[39m=[32m"sc-dYwGCk bSKmrE sc-lgpSej fTQKFT"[39m
            [33mtype[39m=[32m"button"[39m
          [36m>[39m
            [36m<span[39m
              [33mclass[39m=[32m"sc-kNOymR bGltGP"[39m
            [36m>[39m
              [0mC[0m
            [36m</span>[39m
          [36m</button>[39m
          [36m<button[39m
            [33maria-label[39m=[32m"Toggle sign"[39m
            [33mclass[39m=[32m"sc-dYwGCk bSKmrE sc-lgpSej fTQKFT"[39m
            [33mtype[39m=[32m"button"[39m
          [36m>[39m
            [36m<span[39m
              [33mclass[39m=[32m"sc-kNOymR bGltGP"[39m
            [36m>[39m
              [0m±[0m
            [36m</span>[39m
          [36m</button>[39m
          [36m<button[39m
            [33maria-label[39m=[32m"Percentage"[39m
            [33mclass[39m=[32m"sc-dYwGCk bSKmrE sc-lgpSej fTQKFT"[39m
            [33mtype[39m=[32m"button"[39m
          [36m>[39m
            [36m<span[39m
              [33mclass[39m=[32m"sc-kNOymR bGltGP"[39m
            [36m>[39m
              [0m%[0m
            [36m</span>[39m
          [36m</button>[39m
          [36m<button[39m
            [33maria-label[39m=[32m"Divide"[39m
            [33mclass[39m=[32m"sc-dYwGCk bSKmrE sc-lgpSej dzJXSj"[39m
            [33mtype[39m=[32m"button"[39m
          [36m>[39m
            [36m<span[39m
              [33mclass[39m=[32m"sc-kNOymR bGltGP"[39m
            [36m>[39m
              [0m÷[0m
            [36m</span>[39m
          [36m</button>[39m
          [36m<button[39m
            [33mclass[39m=[32m"sc-dYwGCk bSKmrE sc-lgpSej dzJXSj"[39m
            [33mtype[39m=[32m"button"[39m
          [36m>[39m
            [36m<span[39m
              [33mclass[39m=[32m"sc-kNOymR bGltGP"[39m
            [36m>[39m
              [0m7[0m
            [36m</span>[39m
          [36m</button>[39m
          [36m<button[39m
            [33mclass[39m=[32m"sc-dYwGCk bSKmrE sc-lgpSej dzJXSj"[39m
            [33mtype[39m=[32m"button"[39m
          [36m>[39m
            [36m<span[39m
              [33mclass[39m=[32m"sc-kNOymR bGltGP"[39m
            [36m>[39m
              [0m8[0m
            [36m</span>[39m
          [36m</button>[39m
          [36m<button[39m
            [33mclass[39m=[32m"sc-dYwGCk bSKmrE sc-lgpSej dzJXSj"[39m
            [33mtype[39m=[32m"button"[39m
          [36m>[39m
            [36m<span[39m
              [33mclass[39m=[32m"sc-kNOymR bGltGP"[39m
            [36m>[39m
              [0m9[0m
            [36m</span>[39m
          [36m</button>[39m
          [36m<button[39m
            [33maria-label[39m=[32m"Multiply"[39m
            [33mclass[39m=[32m"sc-dYwGCk bSKmrE sc-lgpSej dzJXSj"[39m
            [33mtype[39m=[32m"button"[39m
          [36m>[39m
            [36m<span[39m
              [33mclass[39m=[32m"sc-kNOymR bGltGP"[39m
            [36m>[39m
              [0m×[0m
            [36m</span>[39m
          [36m</button>[39m
          [36m<button[39m
            [33mclass[39m=[32m"sc-dYwGCk bSKmrE sc-lgpSej dzJXSj"[39m
            [33mtype[39m=[32m"button"[39m
          [36m>[39m
            [36m<span[39m
              [33mclass[39m=[32m"sc-kNOymR bGltGP"[39m
            [36m>[39m
              [0m4[0m
            [36m</span>[39m
          [36m</button>[39m
          [36m<button[39m
            [33mclass[39m=[32m"sc-dYwGCk bSKmrE sc-lgpSej dzJXSj"[39m
            [33mtype[39m=[32m"button"[39m
          [36m>[39m
            [36m<span[39m
              [33mclass[39m=[32m"sc-kNOymR bGltGP"[39m
            [36m>[39m
              [0m5[0m
            [36m</span>[39m
          [36m</button>[39m
          [36m<button[39m
            [33mclass[39m=[32m"sc-dYwGCk bSKmrE sc-lgpSej dzJXSj"[39m
            [33mtype[39m=[32m"button"[39m
          [36m>[39m
            [36m<span[39m
              [33mclass[39m=[32m"sc-kNOymR bGltGP"[39m
            [36m>[39m
              [0m6[0m
            [36m</span>[39m
          [36m</button>[39m
          [36m<button[39m
            [33maria-label[39m=[32m"Subtract"[39m
            [33mclass[39m=[32m"sc-dYwGCk bSKmrE sc-lgpSej dzJXSj"[39m
            [33mtype[39m=[32m"button"[39m
          [36m>[39m
            [36m<span[39m
              [33mclass[39m=[32m"sc-kNOymR bGltGP"[39m
            [36m>[39m
              [0m−[0m
            [36m</span>[39m
          [36m</button>[39m
          [36m<button[39m
            [33mclass[39m=[32m"sc-dYwGCk...
 ❯ __vi_import_1__.waitFor.timeout src/features/calculator/CalculatorUI.test.tsx:369:46
    367|     });
    368|     await user.keyboard('r');
    369|     await waitFor(() => expect(getDisplay()).toHaveTextContent('2'), {
       |                                              ^
    370|       timeout: 2000,
    371|     });
 ❯ runWithExpensiveErrorDiagnosticsDisabled ../../node_modules/.pnpm/@testing-library+dom@10.4.1/node_modules/@testing-library/dom/dist/config.js:47:12
 ❯ checkCallback ../../node_modules/.pnpm/@testing-library+dom@10.4.1/node_modules/@testing-library/dom/dist/wait-for.js:124:77
 ❯ Timeout.checkRealTimersCallback ../../node_modules/.pnpm/@testing-library+dom@10.4.1/node_modules/@testing-library/dom/dist/wait-for.js:118:16

⎯⎯⎯⎯⎯⎯⎯⎯⎯⎯⎯⎯⎯⎯⎯⎯⎯⎯⎯⎯⎯⎯⎯⎯[3/3]⎯


 Test Files  1 failed (1)
      Tests  3 failed | 8 passed (11)
   Start at  22:24:58
   Duration  9.02s (transform 141ms, setup 163ms, collect 221ms, tests 8.02s, environment 409ms, prepare 38ms)

 FAIL  Tests failed. Watching for file changes...
       press h to show help, press q to quit
/Users/thiago/Projects/challenge/calculator/apps/web:
 ERR_PNPM_RECURSIVE_RUN_FIRST_FAIL  @calculator/web@0.1.0 test: `vitest src/features/calculator/CalculatorUI.test.tsx`
Exit status 1
